// Vitest Snapshot v1, https://vitest.dev/guide/snapshot.html

exports[`AudioPlayer > renders and exposes volume slider 1`] = `
<div>
  <div
    aria-label="Test"
    style="display: grid; gap: 8px;"
  >
    <div
      style="display: flex; gap: 8px; align-items: center;"
    >
      <button
        aria-pressed="false"
        data-ui="primary-cta"
      >
        Lecture
      </button>
      <strong>
        Test
      </strong>
    </div>
    <label
      style="display: flex; gap: 8px; align-items: center;"
    >
      Volume
      <input
        data-ui="volume-slider"
        max="1"
        min="0"
        step="0.01"
        type="range"
        value="0.8"
      />
    </label>
  </div>
</div>
`;
