// Vitest Snapshot v1, https://vitest.dev/guide/snapshot.html

exports[`EmotionScan Page > rend la page 1`] = `
<div>
  <main
    class="p-4 space-y-4"
  >
    <div>
      EmotionScan
    </div>
    <p>
      Bienvenue dans le module EmotionScan.
    </p>
    <button>
      Commencer
    </button>
  </main>
</div>
`;
