// Vitest Snapshot v1, https://vitest.dev/guide/snapshot.html

exports[`OnboardingPage > rend lâ€™Ã©tape 1 et matche le snapshot 1`] = `
<div>
  <main aria-label="Parcours dâ€™onboarding">
    <div>
      Bienvenue
    </div>
    <div>
      <section aria-labelledby="step1">
        <h2 id="step1">Bienvenue ğŸ‘‹</h2>
        <p>On va rÃ©gler quelques prÃ©fÃ©rences pour personnaliser ton expÃ©rience.</p>
        <button data-ui="primary-cta">Commencer</button>
      </section>
    </div>
  </main>
</div>
`;
