// Vitest Snapshot v1, https://vitest.dev/guide/snapshot.html

exports[`ScoresV2Page > rend la page V2 1`] = `
<div>
  <main aria-label="Scores V2">
    <header>
      <h1>Scores (V2)</h1>
      <p>Progression, streaks, badges et historique</p>
    </header>
    <div>
      <div>ScoresV2Panel</div>
      <div style="margin-top: 12px">
        <a href="/modules/scores">Revenir Ã  la version actuelle</a>
      </div>
    </div>
  </main>
</div>
`;
